<?xml version="1.0" encoding="UTF-8"?>
<testsuites name="jest tests" tests="8" failures="0" time="5.799">
  <testsuite name="Icon" errors="0" failures="0" skipped="0" timestamp="2019-06-08T10:25:07" time="2.053" tests="2">
    <testcase classname="Icon 是个Icon" name="Icon 是个Icon" time="0.015">
    </testcase>
    <testcase classname="Icon 触发click事件" name="Icon 触发click事件" time="0.04">
    </testcase>
  </testsuite>
  <testsuite name="button" errors="0" failures="0" skipped="0" timestamp="2019-06-08T10:25:09" time="0.24" tests="1">
    <testcase classname="button 是个div" name="button 是个div" time="0.004">
    </testcase>
  </testsuite>
  <testsuite name="classnames" errors="0" failures="0" skipped="0" timestamp="2019-06-08T10:25:10" time="0.188" tests="4">
    <testcase classname="classnames 接受0个class" name="classnames 接受0个class" time="0.002">
    </testcase>
    <testcase classname="classnames 接受一个class" name="classnames 接受一个class" time="0.001">
    </testcase>
    <testcase classname="classnames 接受两个class" name="classnames 接受两个class" time="0">
    </testcase>
    <testcase classname="classnames 接受多个class" name="classnames 接受多个class" time="0">
    </testcase>
  </testsuite>
  <testsuite name="测试用例" errors="0" failures="0" skipped="0" timestamp="2019-06-08T10:25:10" time="0.176" tests="1">
    <testcase classname="测试用例 1+2等于3" name="测试用例 1+2等于3" time="0.001">
    </testcase>
  </testsuite>
</testsuites>